// Jest Snapshot v1, https://goo.gl/fbAQLP

exports[`Loader test suite Should match snapshot 1`] = `ShallowWrapper {}`;
