// Jest Snapshot v1, https://goo.gl/fbAQLP

exports[`Header test suite Should match snapshot 1`] = `ShallowWrapper {}`;
